am adding errors list to the application
